$ SP2-0552: Bind variable … not declared.

The error *SP2-0552: Bind variable … not declared* is thrown in → development/databases/Oracle/SQL-Plus when
  • A → development/databases/Oracle/SQL-Plus/_variables#sql-plus-bind-var[bind variable] is used in an SQL statement without having declared that bind variable, or
  • When declaring a bind variable without a datatype


`:xyz` is not defined:
code {
SQL> select :xyz from → development/databases/Oracle/SQL/dual;
SP2-0552: Bind variable "xyz" not declared.
code }

When declaring a → development/databases/Oracle/SQL-Plus/_variables#sql-plus-bind-var[bind variable] in → development/databases/Oracle/SQL-Plus, the datatype must be specified, otherwise the
error *SP2-0552: Bind variable … not declared* is thrown:
code {
SQL> → development/databases/Oracle/SQL-Plus/variable[var] xyz
SP2-0552: Bind variable "xyz" not declared.
code }


Inspecting the variable
code {
SQL> → development/databases/Oracle/SQL-Plus/variable[var] xyz number

SQL> → development/databases/Oracle/SQL-Plus/variable[var] xyz
variable   xyz
datatype   NUMBER
code }


Assigning a value to the bind variable
code {
SQL> → development/databases/Oracle/SQL-Plus/execute[exec] :xyz ;= 42
code }

Using the bind variable:
code {
SQL> select :xyz from → development/databases/Oracle/SQL/dual;
code }
